Archive member included because of file (symbol)

c:/program files (x86)/atmel/atmel toolchain/avr8 gcc/native/3.4.2.1002/avr8-gnu-toolchain/bin/../lib/gcc/avr/4.7.2/avr5\libgcc.a(_exit.o)
                              c:/program files (x86)/atmel/atmel toolchain/avr8 gcc/native/3.4.2.1002/avr8-gnu-toolchain/bin/../lib/gcc/avr/4.7.2/../../../../avr/lib/avr5/crtm32.o (exit)
c:/program files (x86)/atmel/atmel toolchain/avr8 gcc/native/3.4.2.1002/avr8-gnu-toolchain/bin/../lib/gcc/avr/4.7.2/avr5\libgcc.a(_copy_data.o)
                              Step Up Round 1.o (__do_copy_data)
c:/program files (x86)/atmel/atmel toolchain/avr8 gcc/native/3.4.2.1002/avr8-gnu-toolchain/bin/../lib/gcc/avr/4.7.2/avr5\libgcc.a(_clear_bss.o)
                              Step Up Round 1.o (__do_clear_bss)

Allocating common symbols
Common symbol       size              file

block               0x1e              Step Up Round 1.o
details2            0x15e             Step Up Round 1.o
destination         0x1e              Step Up Round 1.o
QUEUE               0x96              Step Up Round 1.o
details1            0x15e             Step Up Round 1.o

Discarded input sections

 .bss           0x00000000        0x0 c:/program files (x86)/atmel/atmel toolchain/avr8 gcc/native/3.4.2.1002/avr8-gnu-toolchain/bin/../lib/gcc/avr/4.7.2/../../../../avr/lib/avr5/crtm32.o
 .text          0x00000000        0x0 Step Up Round 1.o
 .bss           0x00000000        0x0 Step Up Round 1.o
 .text          0x00000000        0x0 c:/program files (x86)/atmel/atmel toolchain/avr8 gcc/native/3.4.2.1002/avr8-gnu-toolchain/bin/../lib/gcc/avr/4.7.2/avr5\libgcc.a(_exit.o)
 .bss           0x00000000        0x0 c:/program files (x86)/atmel/atmel toolchain/avr8 gcc/native/3.4.2.1002/avr8-gnu-toolchain/bin/../lib/gcc/avr/4.7.2/avr5\libgcc.a(_exit.o)
 .text.libgcc.mul
                0x00000000        0x0 c:/program files (x86)/atmel/atmel toolchain/avr8 gcc/native/3.4.2.1002/avr8-gnu-toolchain/bin/../lib/gcc/avr/4.7.2/avr5\libgcc.a(_exit.o)
 .text.libgcc.div
                0x00000000        0x0 c:/program files (x86)/atmel/atmel toolchain/avr8 gcc/native/3.4.2.1002/avr8-gnu-toolchain/bin/../lib/gcc/avr/4.7.2/avr5\libgcc.a(_exit.o)
 .text.libgcc   0x00000000        0x0 c:/program files (x86)/atmel/atmel toolchain/avr8 gcc/native/3.4.2.1002/avr8-gnu-toolchain/bin/../lib/gcc/avr/4.7.2/avr5\libgcc.a(_exit.o)
 .text.libgcc.prologue
                0x00000000        0x0 c:/program files (x86)/atmel/atmel toolchain/avr8 gcc/native/3.4.2.1002/avr8-gnu-toolchain/bin/../lib/gcc/avr/4.7.2/avr5\libgcc.a(_exit.o)
 .text.libgcc.builtins
                0x00000000        0x0 c:/program files (x86)/atmel/atmel toolchain/avr8 gcc/native/3.4.2.1002/avr8-gnu-toolchain/bin/../lib/gcc/avr/4.7.2/avr5\libgcc.a(_exit.o)
 .text.libgcc.fmul
                0x00000000        0x0 c:/program files (x86)/atmel/atmel toolchain/avr8 gcc/native/3.4.2.1002/avr8-gnu-toolchain/bin/../lib/gcc/avr/4.7.2/avr5\libgcc.a(_exit.o)
 .text          0x00000000        0x0 c:/program files (x86)/atmel/atmel toolchain/avr8 gcc/native/3.4.2.1002/avr8-gnu-toolchain/bin/../lib/gcc/avr/4.7.2/avr5\libgcc.a(_copy_data.o)
 .bss           0x00000000        0x0 c:/program files (x86)/atmel/atmel toolchain/avr8 gcc/native/3.4.2.1002/avr8-gnu-toolchain/bin/../lib/gcc/avr/4.7.2/avr5\libgcc.a(_copy_data.o)
 .text.libgcc.mul
                0x00000000        0x0 c:/program files (x86)/atmel/atmel toolchain/avr8 gcc/native/3.4.2.1002/avr8-gnu-toolchain/bin/../lib/gcc/avr/4.7.2/avr5\libgcc.a(_copy_data.o)
 .text.libgcc.div
                0x00000000        0x0 c:/program files (x86)/atmel/atmel toolchain/avr8 gcc/native/3.4.2.1002/avr8-gnu-toolchain/bin/../lib/gcc/avr/4.7.2/avr5\libgcc.a(_copy_data.o)
 .text.libgcc   0x00000000        0x0 c:/program files (x86)/atmel/atmel toolchain/avr8 gcc/native/3.4.2.1002/avr8-gnu-toolchain/bin/../lib/gcc/avr/4.7.2/avr5\libgcc.a(_copy_data.o)
 .text.libgcc.prologue
                0x00000000        0x0 c:/program files (x86)/atmel/atmel toolchain/avr8 gcc/native/3.4.2.1002/avr8-gnu-toolchain/bin/../lib/gcc/avr/4.7.2/avr5\libgcc.a(_copy_data.o)
 .text.libgcc.builtins
                0x00000000        0x0 c:/program files (x86)/atmel/atmel toolchain/avr8 gcc/native/3.4.2.1002/avr8-gnu-toolchain/bin/../lib/gcc/avr/4.7.2/avr5\libgcc.a(_copy_data.o)
 .text.libgcc.fmul
                0x00000000        0x0 c:/program files (x86)/atmel/atmel toolchain/avr8 gcc/native/3.4.2.1002/avr8-gnu-toolchain/bin/../lib/gcc/avr/4.7.2/avr5\libgcc.a(_copy_data.o)
 .text          0x00000000        0x0 c:/program files (x86)/atmel/atmel toolchain/avr8 gcc/native/3.4.2.1002/avr8-gnu-toolchain/bin/../lib/gcc/avr/4.7.2/avr5\libgcc.a(_clear_bss.o)
 .bss           0x00000000        0x0 c:/program files (x86)/atmel/atmel toolchain/avr8 gcc/native/3.4.2.1002/avr8-gnu-toolchain/bin/../lib/gcc/avr/4.7.2/avr5\libgcc.a(_clear_bss.o)
 .text.libgcc.mul
                0x00000000        0x0 c:/program files (x86)/atmel/atmel toolchain/avr8 gcc/native/3.4.2.1002/avr8-gnu-toolchain/bin/../lib/gcc/avr/4.7.2/avr5\libgcc.a(_clear_bss.o)
 .text.libgcc.div
                0x00000000        0x0 c:/program files (x86)/atmel/atmel toolchain/avr8 gcc/native/3.4.2.1002/avr8-gnu-toolchain/bin/../lib/gcc/avr/4.7.2/avr5\libgcc.a(_clear_bss.o)
 .text.libgcc   0x00000000        0x0 c:/program files (x86)/atmel/atmel toolchain/avr8 gcc/native/3.4.2.1002/avr8-gnu-toolchain/bin/../lib/gcc/avr/4.7.2/avr5\libgcc.a(_clear_bss.o)
 .text.libgcc.prologue
                0x00000000        0x0 c:/program files (x86)/atmel/atmel toolchain/avr8 gcc/native/3.4.2.1002/avr8-gnu-toolchain/bin/../lib/gcc/avr/4.7.2/avr5\libgcc.a(_clear_bss.o)
 .text.libgcc.builtins
                0x00000000        0x0 c:/program files (x86)/atmel/atmel toolchain/avr8 gcc/native/3.4.2.1002/avr8-gnu-toolchain/bin/../lib/gcc/avr/4.7.2/avr5\libgcc.a(_clear_bss.o)
 .text.libgcc.fmul
                0x00000000        0x0 c:/program files (x86)/atmel/atmel toolchain/avr8 gcc/native/3.4.2.1002/avr8-gnu-toolchain/bin/../lib/gcc/avr/4.7.2/avr5\libgcc.a(_clear_bss.o)

Memory Configuration

Name             Origin             Length             Attributes
text             0x00000000         0x00020000         xr
data             0x00800060         0x0000ffa0         rw !x
eeprom           0x00810000         0x00010000         rw !x
fuse             0x00820000         0x00000400         rw !x
lock             0x00830000         0x00000400         rw !x
signature        0x00840000         0x00000400         rw !x
user_signatures  0x00850000         0x00000400         rw !x
*default*        0x00000000         0xffffffff

Linker script and memory map

LOAD c:/program files (x86)/atmel/atmel toolchain/avr8 gcc/native/3.4.2.1002/avr8-gnu-toolchain/bin/../lib/gcc/avr/4.7.2/../../../../avr/lib/avr5/crtm32.o
LOAD Step Up Round 1.o
START GROUP
LOAD c:/program files (x86)/atmel/atmel toolchain/avr8 gcc/native/3.4.2.1002/avr8-gnu-toolchain/bin/../lib/gcc/avr/4.7.2/../../../../avr/lib/avr5\libm.a
END GROUP
LOAD c:/program files (x86)/atmel/atmel toolchain/avr8 gcc/native/3.4.2.1002/avr8-gnu-toolchain/bin/../lib/gcc/avr/4.7.2/avr5\libgcc.a
LOAD c:/program files (x86)/atmel/atmel toolchain/avr8 gcc/native/3.4.2.1002/avr8-gnu-toolchain/bin/../lib/gcc/avr/4.7.2/../../../../avr/lib/avr5\libc.a
LOAD c:/program files (x86)/atmel/atmel toolchain/avr8 gcc/native/3.4.2.1002/avr8-gnu-toolchain/bin/../lib/gcc/avr/4.7.2/avr5\libgcc.a

.hash
 *(.hash)

.dynsym
 *(.dynsym)

.dynstr
 *(.dynstr)

.gnu.version
 *(.gnu.version)

.gnu.version_d
 *(.gnu.version_d)

.gnu.version_r
 *(.gnu.version_r)

.rel.init
 *(.rel.init)

.rela.init
 *(.rela.init)

.rel.text
 *(.rel.text)
 *(.rel.text.*)
 *(.rel.gnu.linkonce.t*)

.rela.text
 *(.rela.text)
 *(.rela.text.*)
 *(.rela.gnu.linkonce.t*)

.rel.fini
 *(.rel.fini)

.rela.fini
 *(.rela.fini)

.rel.rodata
 *(.rel.rodata)
 *(.rel.rodata.*)
 *(.rel.gnu.linkonce.r*)

.rela.rodata
 *(.rela.rodata)
 *(.rela.rodata.*)
 *(.rela.gnu.linkonce.r*)

.rel.data
 *(.rel.data)
 *(.rel.data.*)
 *(.rel.gnu.linkonce.d*)

.rela.data
 *(.rela.data)
 *(.rela.data.*)
 *(.rela.gnu.linkonce.d*)

.rel.ctors
 *(.rel.ctors)

.rela.ctors
 *(.rela.ctors)

.rel.dtors
 *(.rel.dtors)

.rela.dtors
 *(.rela.dtors)

.rel.got
 *(.rel.got)

.rela.got
 *(.rela.got)

.rel.bss
 *(.rel.bss)

.rela.bss
 *(.rela.bss)

.rel.plt
 *(.rel.plt)

.rela.plt
 *(.rela.plt)

.text           0x00000000     0x213e
 *(.vectors)
 .vectors       0x00000000       0x54 c:/program files (x86)/atmel/atmel toolchain/avr8 gcc/native/3.4.2.1002/avr8-gnu-toolchain/bin/../lib/gcc/avr/4.7.2/../../../../avr/lib/avr5/crtm32.o
                0x00000000                __vector_default
                0x00000000                __vectors
 *(.vectors)
 *(.progmem.gcc*)
 *(.progmem*)
                0x00000054                . = ALIGN (0x2)
                0x00000054                __trampolines_start = .
 *(.trampolines)
 .trampolines   0x00000054        0x0 linker stubs
 *(.trampolines*)
                0x00000054                __trampolines_end = .
 *(.jumptables)
 *(.jumptables*)
 *(.lowtext)
 *(.lowtext*)
                0x00000054                __ctors_start = .
 *(.ctors)
                0x00000054                __ctors_end = .
                0x00000054                __dtors_start = .
 *(.dtors)
                0x00000054                __dtors_end = .
 SORT(*)(.ctors)
 SORT(*)(.dtors)
 *(.init0)
 .init0         0x00000054        0x0 c:/program files (x86)/atmel/atmel toolchain/avr8 gcc/native/3.4.2.1002/avr8-gnu-toolchain/bin/../lib/gcc/avr/4.7.2/../../../../avr/lib/avr5/crtm32.o
                0x00000054                __init
 *(.init0)
 *(.init1)
 *(.init1)
 *(.init2)
 .init2         0x00000054        0xc c:/program files (x86)/atmel/atmel toolchain/avr8 gcc/native/3.4.2.1002/avr8-gnu-toolchain/bin/../lib/gcc/avr/4.7.2/../../../../avr/lib/avr5/crtm32.o
 *(.init2)
 *(.init3)
 *(.init3)
 *(.init4)
 .init4         0x00000060       0x16 c:/program files (x86)/atmel/atmel toolchain/avr8 gcc/native/3.4.2.1002/avr8-gnu-toolchain/bin/../lib/gcc/avr/4.7.2/avr5\libgcc.a(_copy_data.o)
                0x00000060                __do_copy_data
 .init4         0x00000076       0x10 c:/program files (x86)/atmel/atmel toolchain/avr8 gcc/native/3.4.2.1002/avr8-gnu-toolchain/bin/../lib/gcc/avr/4.7.2/avr5\libgcc.a(_clear_bss.o)
                0x00000076                __do_clear_bss
 *(.init4)
 *(.init5)
 *(.init5)
 *(.init6)
 *(.init6)
 *(.init7)
 *(.init7)
 *(.init8)
 *(.init8)
 *(.init9)
 .init9         0x00000086        0x8 c:/program files (x86)/atmel/atmel toolchain/avr8 gcc/native/3.4.2.1002/avr8-gnu-toolchain/bin/../lib/gcc/avr/4.7.2/../../../../avr/lib/avr5/crtm32.o
 *(.init9)
 *(.text)
 .text          0x0000008e        0x4 c:/program files (x86)/atmel/atmel toolchain/avr8 gcc/native/3.4.2.1002/avr8-gnu-toolchain/bin/../lib/gcc/avr/4.7.2/../../../../avr/lib/avr5/crtm32.o
                0x0000008e                __vector_1
                0x0000008e                __vector_12
                0x0000008e                __bad_interrupt
                0x0000008e                __vector_6
                0x0000008e                __vector_3
                0x0000008e                __vector_11
                0x0000008e                __vector_13
                0x0000008e                __vector_17
                0x0000008e                __vector_19
                0x0000008e                __vector_7
                0x0000008e                __vector_5
                0x0000008e                __vector_4
                0x0000008e                __vector_9
                0x0000008e                __vector_2
                0x0000008e                __vector_15
                0x0000008e                __vector_8
                0x0000008e                __vector_14
                0x0000008e                __vector_10
                0x0000008e                __vector_16
                0x0000008e                __vector_18
                0x0000008e                __vector_20
                0x00000092                . = ALIGN (0x2)
 *(.text.*)
 .text.LCD_CMND
                0x00000092       0x4e Step Up Round 1.o
                0x00000092                LCD_CMND
 .text.LCD_DATA
                0x000000e0       0x4e Step Up Round 1.o
                0x000000e0                LCD_DATA
 .text.LCD_INITIALIZE
                0x0000012e       0x92 Step Up Round 1.o
                0x0000012e                LCD_INITIALIZE
 .text.LCD_CLEAR
                0x000001c0       0x14 Step Up Round 1.o
                0x000001c0                LCD_CLEAR
 .text.LCD_PRINT
                0x000001d4       0x32 Step Up Round 1.o
                0x000001d4                LCD_PRINT
 .text.LCD_SET_CURSER
                0x00000206       0x1c Step Up Round 1.o
                0x00000206                LCD_SET_CURSER
 .text.LCD_NUM  0x00000222       0x36 Step Up Round 1.o
                0x00000222                LCD_NUM
 .text.PORT_INITIALIZE
                0x00000258        0xc Step Up Round 1.o
                0x00000258                PORT_INITIALIZE
 .text.SET_INITIAL_INFO
                0x00000264       0x42 Step Up Round 1.o
                0x00000264                SET_INITIAL_INFO
 .text.DEFINE_DESTINATION
                0x000002a6       0x2c Step Up Round 1.o
                0x000002a6                DEFINE_DESTINATION
 .text.SOUND_BUZZER
                0x000002d2       0x1e Step Up Round 1.o
                0x000002d2                SOUND_BUZZER
 .text.BOT_MOVE
                0x000002f0       0x48 Step Up Round 1.o
                0x000002f0                BOT_MOVE
 .text.BLOCK_LIFT
                0x00000338       0x14 Step Up Round 1.o
                0x00000338                BLOCK_LIFT
 .text.BLOCK_HOLD
                0x0000034c       0x14 Step Up Round 1.o
                0x0000034c                BLOCK_HOLD
 .text.STOP_N_UPDATE_LOC
                0x00000360       0x54 Step Up Round 1.o
                0x00000360                STOP_N_UPDATE_LOC
 .text.FOLLOW_LINE_BACKWARD
                0x000003b4       0x3e Step Up Round 1.o
                0x000003b4                FOLLOW_LINE_BACKWARD
 .text.TURN_90  0x000003f2      0x13a Step Up Round 1.o
                0x000003f2                TURN_90
 .text.TURN_180
                0x0000052c       0xac Step Up Round 1.o
                0x0000052c                TURN_180
 .text.ENQUEUE  0x000005d8       0x74 Step Up Round 1.o
                0x000005d8                ENQUEUE
 .text.DEQUEUE  0x0000064c       0x38 Step Up Round 1.o
                0x0000064c                DEQUEUE
 .text.REMOVE_DESTINATION_OR_BLOCK_FROM_ARRAY
                0x00000684       0xa8 Step Up Round 1.o
                0x00000684                REMOVE_DESTINATION_OR_BLOCK_FROM_ARRAY
 .text.main     0x0000072c      0x15e Step Up Round 1.o
                0x0000072c                main
 .text.MOVE_BACK_IF_BLOCK
                0x0000088a      0x144 Step Up Round 1.o
                0x0000088a                MOVE_BACK_IF_BLOCK
 .text.BLOCK_RECORD
                0x000009ce      0x15e Step Up Round 1.o
                0x000009ce                BLOCK_RECORD
 .text.DETECT_BLOCK
                0x00000b2c       0x82 Step Up Round 1.o
                0x00000b2c                DETECT_BLOCK
 .text.FOLLOW_LINE_FORWARD
                0x00000bae      0x15a Step Up Round 1.o
                0x00000bae                FOLLOW_LINE_FORWARD
 .text.FOLLOW_ONE_NODE
                0x00000d08       0x28 Step Up Round 1.o
                0x00000d08                FOLLOW_ONE_NODE
 .text.MOVE_NEXT_NODE
                0x00000d30      0x130 Step Up Round 1.o
                0x00000d30                MOVE_NEXT_NODE
 .text.DIGKSTRA
                0x00000e60      0x88c Step Up Round 1.o
                0x00000e60                DIGKSTRA
 .text.DETECT_NEXT_NODE
                0x000016ec      0x6f6 Step Up Round 1.o
                0x000016ec                DETECT_NEXT_NODE
 .text.MOVE_TO_NEAREST_BLOCK
                0x00001de2      0x236 Step Up Round 1.o
                0x00001de2                MOVE_TO_NEAREST_BLOCK
 .text.MOVE_TO_APPROPRIATE_DESTINATION
                0x00002018      0x122 Step Up Round 1.o
                0x00002018                MOVE_TO_APPROPRIATE_DESTINATION
                0x0000213a                . = ALIGN (0x2)
 *(.fini9)
 .fini9         0x0000213a        0x0 c:/program files (x86)/atmel/atmel toolchain/avr8 gcc/native/3.4.2.1002/avr8-gnu-toolchain/bin/../lib/gcc/avr/4.7.2/avr5\libgcc.a(_exit.o)
                0x0000213a                _exit
                0x0000213a                exit
 *(.fini9)
 *(.fini8)
 *(.fini8)
 *(.fini7)
 *(.fini7)
 *(.fini6)
 *(.fini6)
 *(.fini5)
 *(.fini5)
 *(.fini4)
 *(.fini4)
 *(.fini3)
 *(.fini3)
 *(.fini2)
 *(.fini2)
 *(.fini1)
 *(.fini1)
 *(.fini0)
 .fini0         0x0000213a        0x4 c:/program files (x86)/atmel/atmel toolchain/avr8 gcc/native/3.4.2.1002/avr8-gnu-toolchain/bin/../lib/gcc/avr/4.7.2/avr5\libgcc.a(_exit.o)
 *(.fini0)
                0x0000213e                _etext = .

.data           0x00800060       0x86 load address 0x0000213e
                0x00800060                PROVIDE (__data_start, .)
 *(.data)
 .data          0x00800060        0x0 c:/program files (x86)/atmel/atmel toolchain/avr8 gcc/native/3.4.2.1002/avr8-gnu-toolchain/bin/../lib/gcc/avr/4.7.2/../../../../avr/lib/avr5/crtm32.o
 .data          0x00800060        0x0 Step Up Round 1.o
 .data          0x00800060        0x0 c:/program files (x86)/atmel/atmel toolchain/avr8 gcc/native/3.4.2.1002/avr8-gnu-toolchain/bin/../lib/gcc/avr/4.7.2/avr5\libgcc.a(_exit.o)
 .data          0x00800060        0x0 c:/program files (x86)/atmel/atmel toolchain/avr8 gcc/native/3.4.2.1002/avr8-gnu-toolchain/bin/../lib/gcc/avr/4.7.2/avr5\libgcc.a(_copy_data.o)
 .data          0x00800060        0x0 c:/program files (x86)/atmel/atmel toolchain/avr8 gcc/native/3.4.2.1002/avr8-gnu-toolchain/bin/../lib/gcc/avr/4.7.2/avr5\libgcc.a(_clear_bss.o)
 *(.data*)
 .data.destinationCounter
                0x00800060        0x1 Step Up Round 1.o
                0x00800060                destinationCounter
 .data.coord_count
                0x00800061        0x1 Step Up Round 1.o
                0x00800061                coord_count
 .data.dir      0x00800062        0x1 Step Up Round 1.o
                0x00800062                dir
 *(.rodata)
 *(.rodata*)
 .rodata.str1.1
                0x00800063       0x83 Step Up Round 1.o
 *(.gnu.linkonce.d*)
                0x008000e6                . = ALIGN (0x2)
                0x008000e6                _edata = .
                0x008000e6                PROVIDE (__data_end, .)

.bss            0x008000e6      0x39d
                0x008000e6                PROVIDE (__bss_start, .)
 *(.bss)
 *(.bss*)
 .bss.loop_count
                0x008000e6        0x1 Step Up Round 1.o
                0x008000e6                loop_count
 .bss.blockCounter
                0x008000e7        0x1 Step Up Round 1.o
                0x008000e7                blockCounter
 .bss.Qrear     0x008000e8        0x1 Step Up Round 1.o
                0x008000e8                Qrear
 .bss.Qfront    0x008000e9        0x1 Step Up Round 1.o
                0x008000e9                Qfront
 .bss.mode      0x008000ea        0x1 Step Up Round 1.o
                0x008000ea                mode
 .bss.block_caught
                0x008000eb        0x1 Step Up Round 1.o
                0x008000eb                block_caught
 .bss.prev_block_detect
                0x008000ec        0x1 Step Up Round 1.o
                0x008000ec                prev_block_detect
 .bss.prev_count
                0x008000ed        0x1 Step Up Round 1.o
                0x008000ed                prev_count
 .bss.currentMode
                0x008000ee        0x1 Step Up Round 1.o
                0x008000ee                currentMode
 .bss.count     0x008000ef        0x1 Step Up Round 1.o
                0x008000ef                count
 .bss.block_no_1
                0x008000f0        0x1 Step Up Round 1.o
                0x008000f0                block_no_1
 .bss.block_no  0x008000f1        0x1 Step Up Round 1.o
                0x008000f1                block_no
 .bss.dest_coun
                0x008000f2        0x1 Step Up Round 1.o
                0x008000f2                dest_coun
 .bss.Y         0x008000f3        0x1 Step Up Round 1.o
                0x008000f3                Y
 .bss.X         0x008000f4        0x1 Step Up Round 1.o
                0x008000f4                X
 *(COMMON)
 COMMON         0x008000f5      0x38e Step Up Round 1.o
                0x008000f5                block
                0x00800113                details2
                0x00800271                destination
                0x0080028f                QUEUE
                0x00800325                details1
                0x00800483                PROVIDE (__bss_end, .)
                0x0000213e                __data_load_start = LOADADDR (.data)
                0x000021c4                __data_load_end = (__data_load_start + SIZEOF (.data))

.noinit         0x00800483        0x0
                0x00800483                PROVIDE (__noinit_start, .)
 *(.noinit*)
                0x00800483                PROVIDE (__noinit_end, .)
                0x00800483                _end = .
                0x00800483                PROVIDE (__heap_start, .)

.eeprom         0x00810000        0x0
 *(.eeprom*)
                0x00810000                __eeprom_end = .

.fuse
 *(.fuse)
 *(.lfuse)
 *(.hfuse)
 *(.efuse)

.lock
 *(.lock*)

.signature
 *(.signature*)

.user_signatures
 *(.user_signatures*)

.stab           0x00000000      0x6cc
 *(.stab)
 .stab          0x00000000      0x6cc c:/program files (x86)/atmel/atmel toolchain/avr8 gcc/native/3.4.2.1002/avr8-gnu-toolchain/bin/../lib/gcc/avr/4.7.2/../../../../avr/lib/avr5/crtm32.o

.stabstr        0x00000000       0x97
 *(.stabstr)
 .stabstr       0x00000000       0x97 c:/program files (x86)/atmel/atmel toolchain/avr8 gcc/native/3.4.2.1002/avr8-gnu-toolchain/bin/../lib/gcc/avr/4.7.2/../../../../avr/lib/avr5/crtm32.o

.stab.excl
 *(.stab.excl)

.stab.exclstr
 *(.stab.exclstr)

.stab.index
 *(.stab.index)

.stab.indexstr
 *(.stab.indexstr)

.comment        0x00000000       0x2f
 *(.comment)
 .comment       0x00000000       0x2f Step Up Round 1.o
                                 0x30 (size before relaxing)

.debug
 *(.debug)

.line
 *(.line)

.debug_srcinfo
 *(.debug_srcinfo)

.debug_sfnames
 *(.debug_sfnames)

.debug_aranges  0x00000000      0x118
 *(.debug_aranges)
 .debug_aranges
                0x00000000      0x118 Step Up Round 1.o

.debug_pubnames
 *(.debug_pubnames)

.debug_info     0x00000000     0x1ee7
 *(.debug_info)
 .debug_info    0x00000000     0x1ee7 Step Up Round 1.o
 *(.gnu.linkonce.wi.*)

.debug_abbrev   0x00000000      0x379
 *(.debug_abbrev)
 .debug_abbrev  0x00000000      0x379 Step Up Round 1.o

.debug_line     0x00000000      0x9c3
 *(.debug_line)
 .debug_line    0x00000000      0x9c3 Step Up Round 1.o

.debug_frame    0x00000000      0x314
 *(.debug_frame)
 .debug_frame   0x00000000      0x314 Step Up Round 1.o

.debug_str      0x00000000      0x44b
 *(.debug_str)
 .debug_str     0x00000000      0x44b Step Up Round 1.o
                                0x495 (size before relaxing)

.debug_loc      0x00000000     0x1770
 *(.debug_loc)
 .debug_loc     0x00000000     0x1770 Step Up Round 1.o

.debug_macinfo
 *(.debug_macinfo)

.debug_pubtypes
 *(.debug_pubtypes)

.debug_ranges   0x00000000      0x108
 *(.debug_ranges)
 .debug_ranges  0x00000000      0x108 Step Up Round 1.o

.debug_macro
 *(.debug_macro)
OUTPUT(Step Up Round 1.elf elf32-avr)
LOAD linker stubs
